[global-setup] storageState saved: user.json + admin.json

Running 54 tests using 2 workers

  ✓   2 [authed] › e2e/board.spec.ts:28:3 › Live Board /board (Authenticated) › TC-BOARD-01: board page loads with board content visible (1.6s)
  ✓   3 [authed] › e2e/board.spec.ts:45:3 › Live Board /board (Authenticated) › TC-BOARD-03: write input section visible (Viết Kudo CTA) (1.2s)
  ✓   4 [authed] › e2e/board.spec.ts:51:3 › Live Board /board (Authenticated) › TC-BOARD-04: feed sections render (Highlight Kudos + All Kudos regions) (1.2s)
  ✓   5 [authed] › e2e/board.spec.ts:60:3 › Live Board /board (Authenticated) › TC-BOARD-05: carousel navigation arrows visible when highlights exist (1.1s)
  ✓   6 [authed] › e2e/board.spec.ts:74:3 › Live Board /board (Authenticated) › TC-BOARD-06: kudo card displays sender name (anonymized if masked) (1.1s)
  ✓   7 [authed] › e2e/board.spec.ts:86:3 › Live Board /board (Authenticated) › TC-BOARD-07: kudo card displays content/message (1.2s)
  ✓   8 [authed] › e2e/board.spec.ts:97:3 › Live Board /board (Authenticated) › TC-BOARD-08: heart icon/button toggles heart state (1.1s)
  ✓   9 [authed] › e2e/board.spec.ts:125:3 › Live Board /board (Authenticated) › TC-BOARD-09: heart count updates after toggle (1.2s)
  ✓  10 [authed] › e2e/board.spec.ts:150:3 › Live Board /board (Authenticated) › TC-BOARD-10: copy link button/icon shows toast on click (1.1s)
  ✘   1 [authed] › e2e/board.spec.ts:39:3 › Live Board /board (Authenticated) › TC-BOARD-02: KV banner (key visual) renders above feed (11.6s)
  ✓  11 [authed] › e2e/board.spec.ts:170:3 › Live Board /board (Authenticated) › TC-BOARD-11: clicking avatar navigates to /profile?id={uuid} (1.1s)
  ✓  13 [authed] › e2e/board.spec.ts:189:3 › Live Board /board (Authenticated) › TC-BOARD-12: board is responsive at mobile (375px) (1.8s)
  ✓  14 [authed] › e2e/board.spec.ts:203:3 › Live Board /board (Authenticated) › TC-BOARD-13: board is responsive at tablet (768px) (1.3s)
  ✓  15 [authed] › e2e/board.spec.ts:215:3 › Live Board /board (Authenticated) › TC-BOARD-14: board is responsive at desktop (1280px) (1.3s)
  ✓  16 [authed] › e2e/viet-kudo.spec.ts:117:3 › Viết Kudo — Access Guard (unauthenticated) › ID-1: unauthenticated access to /kudos redirects to /login (693ms)
  ✓  17 [authed] › e2e/viet-kudo.spec.ts:127:3 › Viết Kudo — E2E (MoMorph ihQ26W78P2) › ID-0: authenticated user navigating to /kudos stays on /kudos (431ms)
  ✘  18 [authed] › e2e/viet-kudo.spec.ts:132:3 › Viết Kudo — E2E (MoMorph ihQ26W78P2) › ID-2: authenticated user sees "Viết Kudo" button on /kudos (5.5s)
  ✘  12 [authed] › e2e/board.spec.ts:39:3 › Live Board /board (Authenticated) › TC-BOARD-02: KV banner (key visual) renders above feed (retry #1) (11.9s)
  ✘  19 [authed] › e2e/viet-kudo.spec.ts:132:3 › Viết Kudo — E2E (MoMorph ihQ26W78P2) › ID-2: authenticated user sees "Viết Kudo" button on /kudos (retry #1) (5.8s)
  ✘  20 [authed] › e2e/viet-kudo.spec.ts:140:3 › Viết Kudo — E2E (MoMorph ihQ26W78P2) › ID-3: modal opens with correct title text (30.0s)
  ✘  21 [authed] › e2e/viet-kudo.spec.ts:148:3 › Viết Kudo — E2E (MoMorph ihQ26W78P2) › ID-4: modal contains all sections in correct order (A→H) (30.0s)
  ✘  22 [authed] › e2e/viet-kudo.spec.ts:140:3 › Viết Kudo — E2E (MoMorph ihQ26W78P2) › ID-3: modal opens with correct title text (retry #1) (30.1s)
  ✘  23 [authed] › e2e/viet-kudo.spec.ts:148:3 › Viết Kudo — E2E (MoMorph ihQ26W78P2) › ID-4: modal contains all sections in correct order (A→H) (retry #1) (30.1s)
  ✘  24 [authed] › e2e/viet-kudo.spec.ts:169:3 › Viết Kudo — E2E (MoMorph ihQ26W78P2) › ID-5: Nội dung editor shows placeholder text before typing (30.0s)
  ✘  25 [authed] › e2e/viet-kudo.spec.ts:184:3 › Viết Kudo — E2E (MoMorph ihQ26W78P2) › ID-6: anonymous checkbox is unchecked by default (30.0s)
  ✘  26 [authed] › e2e/viet-kudo.spec.ts:169:3 › Viết Kudo — E2E (MoMorph ihQ26W78P2) › ID-5: Nội dung editor shows placeholder text before typing (retry #1) (30.1s)
  ✘  27 [authed] › e2e/viet-kudo.spec.ts:184:3 › Viết Kudo — E2E (MoMorph ihQ26W78P2) › ID-6: anonymous checkbox is unchecked by default (retry #1) (30.1s)
  ✘  28 [authed] › e2e/viet-kudo.spec.ts:193:3 › Viết Kudo — E2E (MoMorph ihQ26W78P2) › ID-8: typing in recipient search filters the dropdown list (30.0s)
  ✘  29 [authed] › e2e/viet-kudo.spec.ts:210:3 › Viết Kudo — E2E (MoMorph ihQ26W78P2) › ID-25: selecting a recipient shows their name in the trigger button (30.0s)
  ✘  30 [authed] › e2e/viet-kudo.spec.ts:193:3 › Viết Kudo — E2E (MoMorph ihQ26W78P2) › ID-8: typing in recipient search filters the dropdown list (retry #1) (30.1s)
  ✘  31 [authed] › e2e/viet-kudo.spec.ts:210:3 › Viết Kudo — E2E (MoMorph ihQ26W78P2) › ID-25: selecting a recipient shows their name in the trigger button (retry #1) (30.1s)
  ✘  32 [authed] › e2e/viet-kudo.spec.ts:219:3 › Viết Kudo — E2E (MoMorph ihQ26W78P2) › ID-26: selecting a recipient closes the dropdown (30.0s)
  ✘  33 [authed] › e2e/viet-kudo.spec.ts:228:3 › Viết Kudo — E2E (MoMorph ihQ26W78P2) › ID-10: search with leading/trailing spaces still matches recipients (30.0s)
  ✘  34 [authed] › e2e/viet-kudo.spec.ts:219:3 › Viết Kudo — E2E (MoMorph ihQ26W78P2) › ID-26: selecting a recipient closes the dropdown (retry #1) (30.1s)
  ✘  35 [authed] › e2e/viet-kudo.spec.ts:228:3 › Viết Kudo — E2E (MoMorph ihQ26W78P2) › ID-10: search with leading/trailing spaces still matches recipients (retry #1) (30.1s)
  ✘  36 [authed] › e2e/viet-kudo.spec.ts:244:3 › Viết Kudo — E2E (MoMorph ihQ26W78P2) › ID-12: typing "@" in the editor triggers mention suggestions (30.0s)
  ✘  37 [authed] › e2e/viet-kudo.spec.ts:261:3 › Viết Kudo — E2E (MoMorph ihQ26W78P2) › ID-13: selecting a mention suggestion inserts @FullName inline (30.0s)
  ✘  38 [authed] › e2e/viet-kudo.spec.ts:244:3 › Viết Kudo — E2E (MoMorph ihQ26W78P2) › ID-12: typing "@" in the editor triggers mention suggestions (retry #1) (30.1s)
  ✘  39 [authed] › e2e/viet-kudo.spec.ts:261:3 › Viết Kudo — E2E (MoMorph ihQ26W78P2) › ID-13: selecting a mention suggestion inserts @FullName inline (retry #1) (30.1s)
  ✘  40 [authed] › e2e/viet-kudo.spec.ts:280:3 › Viết Kudo — E2E (MoMorph ihQ26W78P2) › ID-33: hint text about @mention is visible below the editor (30.0s)
  ✘  41 [authed] › e2e/viet-kudo.spec.ts:290:3 › Viết Kudo — E2E (MoMorph ihQ26W78P2) › ID-27: Bold toolbar button toggles bold formatting (30.0s)
  ✘  42 [authed] › e2e/viet-kudo.spec.ts:280:3 › Viết Kudo — E2E (MoMorph ihQ26W78P2) › ID-33: hint text about @mention is visible below the editor (retry #1) (30.1s)
  ✘  43 [authed] › e2e/viet-kudo.spec.ts:290:3 › Viết Kudo — E2E (MoMorph ihQ26W78P2) › ID-27: Bold toolbar button toggles bold formatting (retry #1) (30.1s)
